
> fragdachse@0.1.0 test:integration
> vitest run --pool=threads --exclude build/** --exclude art/** tests/integration tests/integration/SharedCombatEffects.test.ts tests/integration/TimeBubbleRegeneration.test.ts tests/integration/ZeusCombat.test.ts tests/integration/WorldWithoutActivityProof.test.ts


 RUN  v3.2.7 C:/Fragdachse

 ✓ tests/integration/RocketLauncherCombat.test.ts (5 tests) 372ms
   ✓ applies the pressure-shield radius to enemy damage, allied healing and protection without enlarging aftershocks  355ms
 ✓ tests/integration/AdrenalineEssenceWorldGeometry.test.ts (3 tests) 262ms
 ✓ tests/integration/NavigationPursuit.test.ts (19 tests) 587ms
 ✓ tests/integration/LobbyWorldContracts.test.ts (23 tests) 146ms
 ✓ tests/integration/WorldPresentationFrameLifetime.test.ts (33 tests) 267ms
 ✓ tests/integration/LobbyWorldL3.test.ts (17 tests) 109ms
 ✓ tests/integration/ZeusCombat.test.ts (9 tests) 92ms
 ✓ tests/integration/PersistentBaseManagementAllClasses.test.ts (27 tests) 202ms
 ✓ tests/integration/AdrenalineEssenceCombatCutover.test.ts (8 tests) 279ms
 ✓ tests/integration/SharedToolClassAvailability.test.ts (3 tests) 81ms
 ✓ tests/integration/MolotovCombat.test.ts (5 tests) 74ms
 ✓ tests/integration/HeldWeaponFire.test.ts (18 tests) 116ms
 ✓ tests/integration/SharedCombatEffects.test.ts (12 tests) 135ms
 ✓ tests/integration/StinkPlagueCombat.test.ts (11 tests) 57ms
 ✓ tests/integration/FigureSpriteGeometry.test.ts (18 tests) 46ms
 ✓ tests/integration/PersistentBaseRewardCorrections.test.ts (3 tests) 50ms
 ✓ tests/integration/MgTurretCombat.test.ts (7 tests) 48ms
 ✓ tests/integration/TimeBubbleLifecycle.test.ts (9 tests) 41ms
 ✓ tests/integration/WorldObjectMutationRuntime.test.ts (5 tests) 25ms
 ✓ tests/integration/WorldHealthBarConsumers.test.ts (98 tests) 281ms
 ✓ tests/integration/WorldWithoutActivityProof.test.ts (1 test) 43ms
 ✓ tests/integration/AdrenalineEssenceBinding.test.ts (11 tests) 31ms
 ✓ tests/integration/SharedWorldWithoutActivity.test.ts (7 tests) 20ms
 ✓ tests/integration/DecoyLifecycle.test.ts (7 tests) 33ms
 ✓ tests/integration/LivingBarConsumers.test.ts (9 tests) 38ms
 ✓ tests/integration/PersistentBaseLifetimeSeparation.test.ts (16 tests) 17ms
 ✓ tests/integration/TimeBubbleNetwork.test.ts (2 tests) 24ms
 ✓ tests/integration/StinkCloudLifecycle.test.ts (8 tests) 21ms
 ✓ tests/integration/BurrowPresentation.test.ts (14 tests) 18ms
 ✓ tests/integration/WorldMaterializationOwnership.test.ts (15 tests) 15ms
 ✓ tests/integration/RocketLauncherNetwork.test.ts (1 test) 25ms
 ✓ tests/integration/ShootingRangeNetwork.test.ts (1 test) 25ms
 ✓ tests/integration/MgTurretNetwork.test.ts (2 tests) 22ms
 ✓ tests/integration/SmokeNetwork.test.ts (1 test) 24ms
 ✓ tests/integration/SmokeCombat.test.ts (3 tests) 29ms
 ✓ tests/integration/StinkPlagueNetwork.test.ts (2 tests) 16ms
 ✓ tests/integration/CoopMissionRuntimeOwnership.test.ts (6 tests) 11ms
 ✓ tests/integration/WorldRuntimeOwnership.test.ts (11 tests) 12ms
 ✓ tests/integration/HeGrenadeEnvironment.test.ts (1 test) 20ms
 ✓ tests/integration/TranslocatorLifecycle.test.ts (3 tests) 20ms
 ✓ tests/integration/ZeusNetwork.test.ts (1 test) 22ms
 ✓ tests/integration/CoopMissionPresentationBinding.test.ts (3 tests) 13ms
 ✓ tests/integration/GroundHazardNetwork.test.ts (4 tests) 27ms
 ✓ tests/integration/HeGrenadeChargeNetwork.test.ts (1 test) 19ms
 ✓ tests/integration/TranslocatorNetwork.test.ts (1 test) 17ms
 ✓ tests/integration/GameplayAudioNetwork.test.ts (1 test) 15ms
 ✓ tests/integration/CoopMissionObjectiveOwnership.test.ts (7 tests) 13ms
 ✓ tests/integration/TimeBubbleRegeneration.test.ts (1 test) 9ms
 ✓ tests/integration/ArenaBootLifecycle.test.ts (6 tests) 22ms
 ✓ tests/integration/TimeBubbleReleasePresentation.test.ts (2 tests) 10ms
 ✓ tests/integration/PersistentBaseEditorInteraction.test.ts (6 tests) 22ms
 ✓ tests/integration/PersistentBaseEditorWorld.test.ts (4 tests) 127ms
 ✓ tests/integration/ArenaExitLifecycle.test.ts (15 tests) 34ms
 ✓ tests/integration/ArenaEntryLifecycle.test.ts (36 tests) 68ms
 ✓ tests/integration/CoopMissionCombatStartup.test.ts (14 tests) 64ms
 ✓ tests/integration/LobbyWorldInteractive.test.ts (43 tests) 481ms

 Test Files  56 passed (56)
      Tests  599 passed (599)
   Start at  00:40:59
   Duration  9.62s (transform 28.53s, setup 0ms, collect 108.69s, tests 4.70s, environment 14ms, prepare 8.36s)

