
> fragdachse@0.1.0 check
> npm test && npm run test:architecture && npm run build && npm run build:map-editor


> fragdachse@0.1.0 test
> vitest run --pool=threads --exclude build/** --exclude art/** --exclude tools/audio-studio/** --exclude tests/architecture/** --exclude tests/integration/** --exclude tests/assets/** --exclude tests/stress/** --exclude tests/balance-lab/**


 RUN  v3.2.7 C:/Fragdachse

 ✓ tests/TrackGravelField.test.ts (5 tests) 1052ms
   ✓ railway gravel field > moves geometry with the world frame without rerolling the material  594ms
 ✓ tests/ProjectileFlightProcessor.test.ts (7 tests) 907ms
   ✓ charged bolt random tempo > stays bounded, fluctuates both ways and retains mean speed across short-lived projectiles  878ms
stderr | tests/GpuVfxSystem.test.ts > gpu vfx system: lanes > shares flight admission, critical reserve, profiling and source cleanup across both primitives
[GpuVfxPool:flight-signature] Kapazitaet 16384 erschoepft - Spawn verworfen, statt aktives Material zu ueberschreiben. Kapazitaet pruefen.

 ✓ tests/RocketSmokeGpuParticles.test.ts (15 tests) 1070ms
 ✓ tests/GroundFireGpuParticles.test.ts (12 tests) 1404ms
 ✓ tests/BurrowGpuRenderer.test.ts (20 tests) 1442ms
 ✓ tests/MuzzleFlashRendererGpuParticles.test.ts (20 tests) 1487ms
 ✓ tests/StinkCloudGpuParticles.test.ts (18 tests) 1512ms
 ✓ tests/ArenaCellBucketIndex.test.ts (19 tests) 998ms
   ✓ arena cell bucket index > returns a superset of the full scan for every region and reach  531ms
 ✓ tests/ArenaGeneratorWorldMetrics.test.ts (1 test) 874ms
   ✓ ArenaGenerator world-scoped metrics > generates the same layout independently of mutable active arena state  873ms
 ✓ tests/GpuVfxSystem.test.ts (33 tests) 2217ms
 ✓ tests/TerrainColorSnapshot.test.ts (12 tests) 2477ms
   ✓ TerrainColorSnapshot > stamps expanded water across chunk boundaries while retaining dry ground  2460ms
 ✓ tests/CombatGoreGpuRenderer.test.ts (25 tests) 2712ms
 ✓ tests/GpuVfxAtlas.test.ts (13 tests) 783ms
   ✓ gpu vfx atlas > keeps every frame padded against its neighbours and the border  341ms
 ✓ tests/AdrenalineEssenceLiquidFrames.test.ts (3 tests) 647ms
   ✓ procedural essence liquid material > keeps every frame a connected, softly edged cyan bead on a transparent background  632ms
 ✓ tests/AirstrikeGpuParticles.test.ts (11 tests) 761ms
 ✓ tests/RocketExhaustGpuParticles.test.ts (10 tests) 697ms
 ✓ tests/MovementEffectsRenderer.test.ts (9 tests) 673ms
 ✓ tests/ActivityRebindingContracts.test.ts (8 tests) 4645ms
 ✓ tests/MapEditorFileStore.test.ts (11 tests) 612ms
 ✓ tests/FlameRendererGpuParticles.test.ts (10 tests) 715ms
 ✓ tests/PerformanceLabScenarios.test.ts (3 tests) 1091ms
   ✓ Performance reference fixtures > resolves every frozen build through legal ready contracts and supports independent cases  1038ms
 ✓ tests/CoopDefenseTutorialAdvanceMap.test.ts (29 tests) 2941ms
   ✓ Map 1 as the guided advance tutorial > keeps tutorial rock banks intact through the nearby map edge (seed 1)  348ms
   ✓ Map 1 as the guided advance tutorial > keeps every authored checkpoint core free of rocks, trees and water  421ms
   ✓ Map 1 as the guided advance tutorial > leaves a mostly open start around the intact control tutorial and open terrain across the map  312ms
   ✓ Map 1 as the guided advance tutorial > respects the authored tree budget and keeps crowns off water, rock and crossings  376ms
   ✓ Map 1 as the guided advance tutorial > keeps bridge approaches clear and unlocks the route in order across generated layouts  378ms
 ✓ tests/ArenaMetaController.test.ts (23 tests) 2045ms
 ✓ tests/ExplosionGpuRenderer.modern.test.ts (9 tests) 906ms
 ✓ tests/LeafBlowerGpuParticles.test.ts (8 tests) 552ms
 ✓ tests/ArenaRockDecals.test.ts (3 tests) 816ms
   ✓ Arena rock decals > can bind a decal conservatively to multiple touching rocks  433ms
 ✓ tests/ArenaDirtDecals.test.ts (2 tests) 615ms
   ✓ Arena dirt decals > places rock-underlay decals on dirt cells beneath rocks  608ms
 ✓ tests/LoadoutContentLoader.test.ts (15 tests) 558ms
 ✓ tests/EntityBurnGpuController.test.ts (8 tests) 646ms
 ✓ tests/CoopDefenseLoadoutModifierReachability.test.ts (6 tests) 729ms
   ✓ coop-defense loadout modifier reachability > keeps every discrete shipped upgrade level combination schema-valid  461ms
stderr | tests/PeerLink.test.ts > PeerLink native connection state > tolerates a short disconnected blip and closes if it persists
[PeerLink] Verbindung geschlossen (peer=remote-peer). kein Grund vom Transport

stderr | tests/PeerLink.test.ts > PeerLink native connection state > treats native failed as an immediate link abort
[PeerLink] Verbindung geschlossen (peer=remote-peer). kein Grund vom Transport

stderr | tests/PeerLink.test.ts > PeerLink native connection state > treats native closed as an immediate link abort
[PeerLink] Verbindung geschlossen (peer=remote-peer). kein Grund vom Transport

 ✓ tests/PeerLink.test.ts (10 tests) 1089ms
   ✓ PeerLink bounded message transport > joins and resumes a real room with a fragmented full baseline on small SCTP channels  736ms
 ✓ tests/TurretVisualCatalog.test.ts (4 tests) 483ms
   ✓ turret visual catalog > provides transparent selected PNGs and separates normal from void flame  475ms
 ✓ tests/WaterSurfaceRenderer.test.ts (5 tests) 699ms
   ✓ Water presentation residency > only allocates nearby occupied chunks, reuses masks, and releases all resources on teardown  414ms
 ✓ tests/ChunkedRenderSurface.test.ts (25 tests) 380ms
 ✓ tests/GpuFlightRibbon.test.ts (21 tests) 500ms
   ✓ GPU flight ribbon geometry and lifetime > does not rewrite data during stillness or aging and never allocates for zero motion  383ms
 ✓ tests/TimeOfDay.test.ts (11 tests) 461ms
   ✓ sky state > keeps every derived factor inside its valid range  376ms
 ✓ tests/WaterTerrain.test.ts (46 tests) 4517ms
   ✓ Water terrain contracts > generates reproducible water and reserves it from scenery and pickups on Map 0  2564ms
   ✓ Water terrain contracts > generates reproducible water and reserves it from scenery and pickups on Map 1  604ms
 ✓ tests/CoopDefenseTutorialArena.test.ts (6 tests) 331ms
   ✓ Coop defense tutorial arena formation > fills the tutorial footprint and grows an irregular halo on all four sides  318ms
 ✓ tests/ConstructionOwnershipMoteRenderer.test.ts (4 tests) 313ms
 ✓ tests/CoopDefenseRockFieldMap.test.ts (5 tests) 454ms
   ✓ Map 14 rock field > generates both rock and walkable ground on every seed  301ms
 ✓ tests/MapEditorPreview.test.ts (18 tests) 389ms
 ✓ tests/LocalPersistence.test.ts (32 tests) 397ms
 ✓ tests/LivingClipGeometry.test.ts (7 tests) 596ms
 ✓ tests/EnemyIntentAndBreach.test.ts (44 tests) 278ms
 ✓ tests/CoopDefenseZeitzunderMap.test.ts (3 tests) 228ms
 ✓ tests/CoopDefenseC4.test.ts (8 tests) 329ms
   ✓ Coop Defense C4 campaign validation > prebuilds every shipped ground-hazard event for a real arena seed  306ms
 ✓ tests/CoopDefenseC3.test.ts (15 tests) 258ms
 ✓ tests/MapEditorDocument.test.ts (15 tests) 241ms
 ✓ tests/ZeusGpuRenderer.test.ts (5 tests) 205ms
 ✓ tests/AmbientWildlifeRendering.test.ts (9 tests) 137ms
 ✓ tests/MgAttritionRenderer.test.ts (3 tests) 166ms
 ✓ tests/TrackGravelStreaming.test.ts (3 tests) 245ms
 ✓ tests/I18n.test.ts (5 tests) 193ms
 ✓ tests/ProjectilePhysicsBoundary.test.ts (55 tests) 184ms
 ✓ tests/AmbientWildlife.test.ts (24 tests) 8216ms
   ✓ cosmetic wildlife > retracts the tongue completely between individually varied, recurring flicks  436ms
   ✓ cosmetic wildlife > turns continuously and stays in its habitat under pressure at minute 0, with world offsets  2980ms
   ✓ cosmetic wildlife > turns continuously and stays in its habitat under pressure at minute 720, with world offsets  3832ms
 ✓ tests/CoopDefenseVoidHunterMap.test.ts (3 tests) 151ms
 ✓ tests/MatchResultsModel.test.ts (13 tests) 220ms
 ✓ tests/CoopDefenseItemPersistence.test.ts (25 tests) 183ms
 ✓ tests/ExplosionGpuRenderer.test.ts (2 tests) 213ms
 ✓ tests/CoopDefenseClassUnlocks.test.ts (7 tests) 188ms
 ✓ tests/WorldProjectileRuntime.test.ts (61 tests) 188ms
 ✓ tests/ProjectileCollisionSearch.test.ts (19 tests) 171ms
 ✓ tests/DachsOfSteelRockArmorDrop.test.ts (7 tests) 449ms
   ✓ Dachs of Steel & Tutorial-Felsen Armor Drops > generates tutorial rocks and normal rocks without armorDropMult on Map 1 and Map 11  443ms
 ✓ tests/FlowFieldKernelEquivalence.test.ts (11 tests) 139ms
stdout | tests/zz_scratch_rock.test.ts > scratch rock > measures
vwall-slide-down fps=60 jit=0: maxErr=0.555 final host=(258.29,473.38) client=(258.76,473.44) selfBlocked=0/90 hostSelfBlocked=false
vwall-push fps=60 jit=0: maxErr=0.000 final host=(240.00,176.00) client=(240.00,176.00) selfBlocked=0/90 hostSelfBlocked=false
hwall-slide-right fps=60 jit=0: maxErr=0.555 final host=(473.38,258.29) client=(473.44,258.76) selfBlocked=0/90 hostSelfBlocked=false
corner-pass fps=60 jit=0: maxErr=0.979 final host=(632.20,48.00) client=(632.73,47.91) selfBlocked=0/90 hostSelfBlocked=false
vwall-slide-down fps=60 jit=0.1: maxErr=1.379 final host=(258.29,473.38) client=(259.42,474.16) selfBlocked=0/90 hostSelfBlocked=false
vwall-push fps=60 jit=0.1: maxErr=0.060 final host=(240.00,176.00) client=(240.00,176.00) selfBlocked=0/90 hostSelfBlocked=false
hwall-slide-right fps=60 jit=0.1: maxErr=1.379 final host=(473.38,258.29) client=(474.16,259.42) selfBlocked=0/90 hostSelfBlocked=false
corner-pass fps=60 jit=0.1: maxErr=1.518 final host=(632.20,48.00) client=(633.71,47.97) selfBlocked=0/90 hostSelfBlocked=false
vwall-slide-down fps=144 jit=0: maxErr=2.420 final host=(258.29,473.38) client=(260.18,474.88) selfBlocked=0/217 hostSelfBlocked=false
vwall-push fps=144 jit=0: maxErr=0.389 final host=(240.00,176.00) client=(240.00,176.00) selfBlocked=0/217 hostSelfBlocked=false
hwall-slide-right fps=144 jit=0: maxErr=2.420 final host=(473.38,258.29) client=(474.88,260.18) selfBlocked=0/217 hostSelfBlocked=false
corner-pass fps=144 jit=0: maxErr=2.550 final host=(632.20,48.00) client=(634.75,47.94) selfBlocked=0/217 hostSelfBlocked=false
vwall-slide-down fps=144 jit=0.2: maxErr=1.438 final host=(258.29,473.38) client=(259.48,474.18) selfBlocked=0/216 hostSelfBlocked=false
vwall-push fps=144 jit=0.2: maxErr=0.407 final host=(240.00,176.00) client=(240.00,176.00) selfBlocked=0/216 hostSelfBlocked=false
hwall-slide-right fps=144 jit=0.2: maxErr=1.438 final host=(473.38,258.29) client=(474.18,259.48) selfBlocked=0/216 hostSelfBlocked=false
corner-pass fps=144 jit=0.2: maxErr=1.575 final host=(632.20,48.00) client=(633.77,47.98) selfBlocked=0/216 hostSelfBlocked=false
vwall-slide-down fps=120 jit=0: maxErr=2.725 final host=(258.29,473.38) client=(260.41,475.09) selfBlocked=0/181 hostSelfBlocked=false
vwall-push fps=120 jit=0: maxErr=0.333 final host=(240.00,176.00) client=(240.00,176.00) selfBlocked=0/181 hostSelfBlocked=false
hwall-slide-right fps=120 jit=0: maxErr=2.725 final host=(473.38,258.29) client=(475.09,260.41) selfBlocked=0/181 hostSelfBlocked=false
corner-pass fps=120 jit=0: maxErr=2.865 final host=(632.20,48.00) client=(635.06,47.91) selfBlocked=0/181 hostSelfBlocked=false

 ✓ tests/zz_scratch_rock.test.ts (1 test) 527ms
   ✓ scratch rock > measures  526ms
 ✓ tests/WorldCombatGameplayBinding.test.ts (25 tests) 250ms
 ✓ tests/GroundHazardSpread.test.ts (3 tests) 112ms
 ✓ tests/GroundFog.test.ts (14 tests) 125ms
 ✓ tests/ShadowStaticBake.test.ts (12 tests) 140ms
 ✓ tests/GroundFireTextures.test.ts (3 tests) 115ms
 ✓ tests/RockOverlayStreamer.test.ts (12 tests) 165ms
 ✓ tests/CoopDefenseDormantBases.test.ts (22 tests) 151ms
 ✓ tests/MapEditorPersistentSpawns.test.ts (3 tests) 68ms
 ✓ tests/SmokeRenderer.test.ts (9 tests) 68ms
 ✓ tests/GameContentValidation.test.ts (7 tests) 106ms
 ✓ tests/DeathFragmentPreparation.test.ts (2 tests) 90ms
 ✓ tests/WorldMetricsScopeContracts.test.ts (30 tests) 81ms
 ✓ tests/EnemySeparationGrid.test.ts (14 tests) 62ms
 ✓ tests/PlayerMovementPhysics.test.ts (16 tests) 90ms
 ✓ tests/CoopDefenseRespec.test.ts (4 tests) 93ms
stderr | tests/CoopDefenseSpawnExecutor.test.ts > Spawn coordinates across World and navigation grids > rejects a free center when the actual boss body overlaps neighboring rock
[CoopDefenseSpawnExecutor] Keine freien Spawn-Zellen an der authored Arena-Front mehr.

stderr | tests/CoopDefenseSpawnExecutor.test.ts > Spawn coordinates across World and navigation grids > uses live physical geometry while a replacement navigation field is still pending
[CoopDefenseSpawnExecutor] Keine freien Spawn-Zellen an der authored Arena-Front mehr.

stderr | tests/CoopDefenseSpawnExecutor.test.ts > Spawn coordinates across World and navigation grids > spawns while moving goals await a new field, using current connected regions
[CoopDefenseSpawnExecutor] Keine freien Spawn-Zellen an der authored Arena-Front mehr.

stderr | tests/CoopDefenseSpawnExecutor.test.ts > CoopDefenseSpawnExecutor fronts > uses live grid dimensions and does not silently replace an exhausted front
[CoopDefenseSpawnExecutor] Keine freien Spawn-Zellen an der authored Arena-Front mehr.

 ✓ tests/CoopDefenseSpawnExecutor.test.ts (11 tests) 64ms
 ✓ tests/ProjectileTargetPiercing.test.ts (25 tests) 94ms
 ✓ tests/PowerUpRendererGpuPedestals.test.ts (1 test) 115ms
 ✓ tests/VoidHunterSprite.test.ts (1 test) 64ms
 ✓ tests/LoadoutCatalog.test.ts (13 tests) 84ms
 ✓ tests/HitFeedbackRenderer.test.ts (10 tests) 60ms
 ✓ tests/ArenaObstacleIndex.test.ts (15 tests) 36ms
 ✓ tests/AdrenalineEssenceRuntime.test.ts (39 tests) 31ms
 ✓ tests/HostPhysicsSystemAllocation.test.ts (29 tests) 46ms
 ✓ tests/PerformanceLabReports.test.ts (15 tests) 75ms
 ✓ tests/UpgradeMenuLayout.test.ts (3 tests) 99ms
 ✓ tests/ProjectilePresentationRuntime.test.ts (44 tests) 53ms
 ✓ tests/CombatSystemRespawn.test.ts (34 tests) 87ms
 ✓ tests/WorldActivityAuthoring.test.ts (18 tests) 58ms
 ✓ tests/CombatSystemBaseDamage.test.ts (31 tests) 73ms
 ✓ tests/CoopDefenseItemStats.test.ts (14 tests) 62ms
 ✓ tests/CoopDefenseClassLoadoutPersistence.test.ts (4 tests) 71ms
 ✓ tests/CoopDefenseDecoyTargetSystem.test.ts (7 tests) 81ms
 ✓ tests/WorldPlayerGameplayLifecycle.test.ts (21 tests) 39ms
 ✓ tests/EnemyFlowFieldBaseAvoidance.test.ts (13 tests) 41ms
 ✓ tests/PersistentBaseUnlock.test.ts (8 tests) 58ms
 ✓ tests/NavigationBodyGraph.test.ts (8 tests) 53ms
 ❯ tests/LocalPlayerPrediction.test.ts (18 tests | 16 failed) 31ms
   × local WASD prediction > converges with 0 ms one-way latency, jitter, loss and reordered states 11ms
     → expected 0 to be greater than 0
   × local WASD prediction > converges with 30 ms one-way latency, jitter, loss and reordered states 1ms
     → expected 0 to be greater than 0
   × local WASD prediction > converges with 100 ms one-way latency, jitter, loss and reordered states 1ms
     → expected 0 to be greater than 0
   × local WASD prediction > converges with 160 ms one-way latency, jitter, loss and reordered states 1ms
     → expected 0 to be greater than 0
   × local WASD prediction > starts, stops and turns immediately without waiting for a snapshot 1ms
     → expected +0 to be close to 2, received difference is 2, but expected 0.005
   × local WASD prediction > normalizes diagonals at 30 render FPS 1ms
     → expected +0 to be close to 20, received difference is 20, but expected 0.005
   × local WASD prediction > normalizes diagonals at 60 render FPS 2ms
     → expected +0 to be close to 20, received difference is 20, but expected 0.005
   × local WASD prediction > normalizes diagonals at 120 render FPS 1ms
     → expected +0 to be close to 20, received difference is 20, but expected 0.005
   × local WASD prediction > normalizes diagonals at 144 render FPS 1ms
     → expected +0 to be close to 19.444444444444443, received difference is 19.444444444444443, but expected 0.005
   × local WASD prediction > replays only the unconsumed part of a held sequence, without double-counting repeated ACKs 1ms
     → expected 1 to be close to 4, received difference is 3, but expected 0.005
   × local WASD prediction > discards skipped input states and keeps a correction out of the logical body 1ms
     → expected 1 to be close to 2, received difference is 1, but expected 0.005
   × local WASD prediction > snaps corrections that would cross an obstacle 3ms
     → expected 2 to be +0 // Object.is equality
   × local WASD prediction > snaps large errors and never carries history into another entity, participation or World 1ms
     → expected 1002 to be 1000 // Object.is equality
   × local WASD prediction > holds during snapshot loss and reinitializes from a fresh baseline 1ms
     → expected 10 to be close to 11, received difference is 1, but expected 0.005
   ✓ local WASD prediction > bounds pending history even if fresh snapshots never acknowledge it 1ms
   ✓ local WASD prediction > resets across special movement, teleports, death and reconnect without replaying the old path 1ms
   × local WASD prediction > glides across a host interruption but snaps a teleport 1ms
     → expected 12.88479686771438 to be less than 12
   × local WASD prediction > uses new host speed for future input and clamps a stalled render frame 1ms
     → expected +0 to be close to 1, received difference is 1, but expected 0.005
 ✓ tests/FlowFieldCoordinator.test.ts (16 tests) 53ms
 ✓ tests/LoadoutToolSlots.test.ts (6 tests) 69ms
 ✓ tests/CoopDefenseInfernoColossusCombat.test.ts (26 tests) 48ms
 ✓ tests/CoopDefenseMaps.test.ts (25 tests) 66ms
 ✓ tests/RockVegetationTeardown.test.ts (4 tests) 51ms
 ✓ tests/HeadlessEventTiming.test.ts (9 tests) 33ms
stderr | tests/PeerRoom.test.ts > PeerRoom handshake and roster > rejects a full room without disturbing existing players
[PeerRoom] Raum ist voll, Verbindung wird abgewiesen.

stderr | tests/PeerRoom.test.ts > PeerRoom handshake and roster > isolates a protocol-mismatched incoming join to that link
[PeerRoom] Protokollversion passt nicht (Gegenseite 20, hier 21).

 ✓ tests/PeerRoom.test.ts (37 tests) 77ms
 ✓ tests/ForestTextures.test.ts (7 tests) 56ms
 ✓ tests/RockDestructionRenderer.test.ts (3 tests) 52ms
 ✓ tests/HeGrenadeRuntime.test.ts (5 tests) 65ms
 ✓ tests/CoopDefenseClasses.test.ts (10 tests) 45ms
 ✓ tests/AdrenalineEssenceLighting.test.ts (9 tests) 50ms
 ✓ tests/Ak47CoopDefenseUpgrades.test.ts (11 tests) 37ms
 ✓ tests/RadialActionInput.test.ts (37 tests) 53ms
 ✓ tests/WorldRuntimeContextContracts.test.ts (21 tests) 49ms
 ✓ tests/ProjectileFlightPath.test.ts (16 tests) 60ms
 ✓ tests/BiteRendererPooling.test.ts (2 tests) 43ms
 ✓ tests/RocketLauncherUpgrades.test.ts (9 tests) 32ms
 ✓ tests/TeslaDomeSystem.test.ts (26 tests) 44ms
 ✓ tests/PerformanceLabBoot.test.ts (1 test) 24ms
 ✓ tests/PersistentBaseRewardPersistence.test.ts (4 tests) 61ms
 ✓ tests/CoopDefenseItems.test.ts (35 tests) 55ms
 ✓ tests/CoopDefenseRuntimeAffixWiring.test.ts (20 tests) 35ms
 ✓ tests/HeldItemVisuals.test.ts (18 tests) 37ms
 ✓ tests/WorldChannelContracts.test.ts (12 tests) 44ms
 ✓ tests/BurrowSystem.test.ts (21 tests) 35ms
 ✓ tests/UpgradePresentation.test.ts (6 tests) 29ms
 ✓ tests/RocketFireChunks.test.ts (15 tests) 26ms
 ✓ tests/DistortionProfileBake.test.ts (19 tests) 32ms
 ✓ tests/NavigationCostsAndPositions.test.ts (3 tests) 35ms
 ✓ tests/ForestModal.test.ts (4 tests) 25ms
 ✓ tests/RadialActionRpc.test.ts (16 tests) 37ms
 ✓ tests/GraphicsQualityAndPerformance.test.ts (24 tests) 43ms
 ✓ tests/MolotovUpgradeSystem.test.ts (12 tests) 34ms
 ✓ tests/CoopDefenseStatParity.test.ts (8 tests) 37ms
 ✓ tests/TimeBubbleSystem.test.ts (18 tests) 55ms
 ✓ tests/TimeBubbleResonance.test.ts (11 tests) 40ms
 ✓ tests/HeGrenadeCharges.test.ts (6 tests) 32ms
 ✓ tests/CombatSystemBurnParity.test.ts (9 tests) 39ms
 ✓ tests/PersistentBaseEditor.test.ts (6 tests) 30ms
 ✓ tests/BaseGrounding.test.ts (9 tests) 33ms
 ✓ tests/LobbyMusicLazyLoading.test.ts (14 tests) 19ms
 ✓ tests/EnemyNavigationGeometry.test.ts (9 tests) 36ms
 ✓ tests/GameAudioSystem.test.ts (7 tests) 32ms
 ✓ tests/PersistentBaseRewardNetwork.test.ts (7 tests) 42ms
 ✓ tests/TeslaDomeCoopDefenseUpgrades.test.ts (7 tests) 22ms
 ✓ tests/WorldHealthBarRenderer.test.ts (10 tests) 35ms
 ✓ tests/InspectorSupportConstructions.test.ts (18 tests) 33ms
 ✓ tests/FlamethrowerUpgrades.test.ts (6 tests) 25ms
 ✓ tests/ProjectileLifecycleAuthority.test.ts (4 tests) 29ms
 ✓ tests/RockVisualHelperBatch.test.ts (7 tests) 24ms
 ✓ tests/TurretControl.test.ts (10 tests) 42ms
 ✓ tests/InputWeaponExclusivity.test.ts (12 tests) 30ms
 ✓ tests/SmokeUpgradeTree.test.ts (4 tests) 20ms
 ✓ tests/ArenaTransitionReadiness.test.ts (28 tests) 20ms
 ✓ tests/EnemySmokeConfusion.test.ts (4 tests) 27ms
 ✓ tests/TurretAim.test.ts (19 tests) 16ms
 ✓ tests/CoopDefenseSecondaryObjectives.test.ts (30 tests) 27ms
 ✓ tests/StinkPlagueUpgradeTree.test.ts (5 tests) 34ms
 ✓ tests/PlayerUltimateBehaviorRuntime.test.ts (13 tests) 25ms
stderr | tests/GpuVfxPool.test.ts > gpu vfx pool > hands out both free slots of a fragmented pool [live, free, free, live]
[GpuVfxPool:test] Kapazitaet 4 erschoepft - Spawn verworfen, statt aktives Material zu ueberschreiben. Kapazitaet pruefen.

 ✓ tests/AdrenalineEssenceGpuRenderer.test.ts (10 tests) 32ms
 ✓ tests/GpuVfxPool.test.ts (16 tests) 24ms
 ✓ tests/BadgerAnimations.test.ts (3 tests) 22ms
 ✓ tests/PeerPacketCodec.test.ts (4 tests) 73ms
 ✓ tests/RockPhysicsChurn.test.ts (3 tests) 64ms
 ✓ tests/SmokeRuntime.test.ts (12 tests) 24ms
 ✓ tests/MissionLifecycleContracts.test.ts (7 tests) 26ms
 ✓ tests/PersistentBaseRoundOutcome.test.ts (11 tests) 20ms
 ✓ tests/LivingBarEffectQuality.test.ts (14 tests) 24ms
 ✓ tests/TrainMapEvent.test.ts (12 tests) 34ms
 ✓ tests/GridCornerAssist.test.ts (10 tests) 42ms
 ✓ tests/CombatResolution.test.ts (9 tests) 18ms
 ✓ tests/RockGridIndexLarge.test.ts (5 tests) 32ms
 ✓ tests/TransitionRaceCases.test.ts (10 tests) 24ms
 ✓ tests/PersistentBaseCore.test.ts (13 tests) 32ms
 ✓ tests/LobbySelectionMenus.test.ts (10 tests) 25ms
 ✓ tests/DecoyGroundFire.test.ts (1 test) 33ms
 ✓ tests/CoopDefenseAdvanceMission.test.ts (33 tests) 30ms
 ✓ tests/MolotovUpgrades.test.ts (3 tests) 35ms
 ✓ tests/StinkPlagueRuntime.test.ts (9 tests) 17ms
 ✓ tests/GpuVfxRenderLanes.test.ts (16 tests) 16ms
 ✓ tests/ConstructionPhase2.test.ts (4 tests) 16ms
 ✓ tests/PlacementBaseCollision.test.ts (12 tests) 25ms
 ✓ tests/HeGrenadeUpgradeTree.test.ts (5 tests) 22ms
 ✓ tests/CombatSystemLineOfFire.test.ts (16 tests) 27ms
 ✓ tests/PersistentBaseRepositioning.test.ts (12 tests) 20ms
 ✓ tests/CoopDefenseObjectivePlacementReward.test.ts (13 tests) 24ms
 ✓ tests/CoopDefenseC2.test.ts (12 tests) 23ms
 ✓ tests/CoopDefenseProfileMemo.test.ts (4 tests) 23ms
 ✓ tests/ShootingRangeRuntime.test.ts (5 tests) 16ms
 ✓ tests/RocketMagazineRuntime.test.ts (19 tests) 27ms
 ✓ tests/NegevBehaviorRuntime.test.ts (5 tests) 17ms
 ✓ tests/ArenaPresentationOwnership.test.ts (7 tests) 21ms
 ✓ tests/WorldPresentationContracts.test.ts (9 tests) 22ms
 ✓ tests/CoopDefenseVoidHunterSystem.test.ts (9 tests) 23ms
 ✓ tests/BootPreparation.test.ts (8 tests) 20ms
 ✓ tests/DecoyUpgradeTree.test.ts (4 tests) 39ms
 ✓ tests/CoopDefenseMapDirector.test.ts (22 tests) 26ms
 ✓ tests/CoopDefenseEnemyScaling.test.ts (14 tests) 27ms
 ✓ tests/MovementStepSampler.test.ts (10 tests) 20ms
 ✓ tests/ArenaInputBindings.test.ts (4 tests) 34ms
 ✓ tests/ZeusRuntime.test.ts (13 tests) 19ms
 ✓ tests/CombatRuntimeContracts.test.ts (15 tests) 26ms
 ✓ tests/TranslocatorSystem.test.ts (12 tests) 29ms
 ✓ tests/PlayerTreeRuntimeContracts.test.ts (13 tests) 15ms
 ✓ tests/PostFxComposer.test.ts (25 tests) 9ms
 ✓ tests/SharedGlowSystem.test.ts (29 tests) 23ms
 ✓ tests/ClientObjectiveRewardReconciliation.test.ts (11 tests) 17ms
 ✓ tests/PersistentBaseContributionStore.test.ts (18 tests) 18ms
 ✓ tests/HeldWeaponFeedback.test.ts (9 tests) 16ms
 ✓ tests/ProjectileSnapshotCodec.test.ts (30 tests) 24ms
 ✓ tests/RoomStatisticsGameplayHooks.test.ts (8 tests) 30ms
 ✓ tests/SmokeGeometry.test.ts (3 tests) 12ms
 ✓ tests/DecoyRuntime.test.ts (3 tests) 23ms
 ✓ tests/ActivityLifecycleContracts.test.ts (14 tests) 12ms
 ✓ tests/StinkCloudRenderer.test.ts (7 tests) 18ms
 ✓ tests/Format.test.ts (15 tests) 70ms
 ✓ tests/HydraUpgrades.test.ts (2 tests) 11ms
 ✓ tests/WorldGradeResolver.test.ts (18 tests) 18ms
 ✓ tests/FireSystemVisualStyles.test.ts (9 tests) 16ms
 ✓ tests/GameplayRuntimeCharacterization.test.ts (10 tests) 15ms
 ✓ tests/PersistentBaseZone.test.ts (5 tests) 19ms
 ✓ tests/CoopDefenseBurrowingEnemies.test.ts (20 tests) 13ms
 ✓ tests/UiTheme.test.ts (26 tests) 16ms
 ✓ tests/CombatStatusOwners.test.ts (12 tests) 17ms
 ✓ tests/CoopDefenseEnemyTranslocator.test.ts (7 tests) 16ms
 ✓ tests/PlasmaSwarm.test.ts (12 tests) 17ms
 ✓ tests/PersistentBaseRewardPedestalMove.test.ts (6 tests) 24ms
 ✓ tests/WorldGeometryBindingLifecycle.test.ts (9 tests) 23ms
 ✓ tests/GrenadeFragmentRules.test.ts (5 tests) 14ms
 ✓ tests/ProjectileReplicationAdapter.test.ts (7 tests) 12ms
 ✓ tests/AdrenalineEssencePhaserGpuContract.test.ts (1 test) 18ms
 ✓ tests/WeaponReactionRuntime.test.ts (5 tests) 12ms
 ✓ tests/CoopDefenseTimebomb.test.ts (6 tests) 18ms
 ✓ tests/PersistentBaseRewardAuthoring.test.ts (4 tests) 13ms
 ✓ tests/Weapon2PredictionDedupe.test.ts (4 tests) 16ms
 ✓ tests/ArenaPointBucketIndex.test.ts (3 tests) 12ms
 ✓ tests/CoopDefenseItemRuntimeSystem.test.ts (39 tests) 12ms
 ✓ tests/PersistentBasePreview.test.ts (5 tests) 16ms
 ✓ tests/EffectSystemDeathAnimation.test.ts (7 tests) 13ms
 ✓ tests/CoopDefenseC4Integration.test.ts (3 tests) 16ms
 ✓ tests/WeaponFireFeedbackController.test.ts (6 tests) 11ms
 ✓ tests/AwpNegevAdrenalineUpgrades.test.ts (6 tests) 16ms
 ✓ tests/GrenadeShardRenderer.test.ts (4 tests) 17ms
 ✓ tests/ZeusUpgradeTree.test.ts (3 tests) 24ms
 ✓ tests/WorldWeaponExecutionRuntime.test.ts (6 tests) 11ms
 ✓ tests/CoopDefenseB8Rewards.test.ts (13 tests) 16ms
 ✓ tests/CoopDefenseSecondaryObjectiveHud.test.ts (17 tests) 11ms
 ✓ tests/CoopDefenseMissionProgressRenderer.test.ts (13 tests) 18ms
 ✓ tests/CoopXpTextRenderer.test.ts (3 tests) 17ms
 ✓ tests/WorldDescriptorContracts.test.ts (15 tests) 17ms
 ✓ tests/LobbyRosterLayout.test.ts (22 tests) 17ms
 ✓ tests/GeneralDashUpgrades.test.ts (5 tests) 14ms
 ✓ tests/TurretAnimationController.test.ts (8 tests) 15ms
 ✓ tests/ArenaDiagnosticsController.test.ts (7 tests) 19ms
 ✓ tests/CoopDefenseEncounters.test.ts (7 tests) 13ms
 ✓ tests/AllyFlowFieldLifetime.test.ts (7 tests) 13ms
 ✓ tests/ConstructionOwnershipGpuSystem.test.ts (5 tests) 14ms
 ✓ tests/AutomatedPelletWeapon.test.ts (5 tests) 27ms
 ✓ tests/GeneralCriticalUpgrades.test.ts (3 tests) 17ms
 ✓ tests/HealthBarFeedbackModel.test.ts (14 tests) 13ms
 ✓ tests/SustainedWeaponBehaviorRuntime.test.ts (3 tests) 15ms
 ✓ tests/CoopDefenseItemsModel.test.ts (17 tests) 16ms
 ✓ tests/StaticPolygonGraphics.test.ts (4 tests) 12ms
 ✓ tests/PersistentBaseContributionSync.test.ts (6 tests) 18ms
 ✓ tests/CoopDefenseAiTargetBoundaries.test.ts (2 tests) 8ms
 ✓ tests/ArenaChunkGrid.test.ts (9 tests) 15ms
 ✓ tests/CoopDefenseUtilityCooldownAffix.test.ts (5 tests) 10ms
 ✓ tests/SpecializedWeaponExecutionAdapter.test.ts (3 tests) 9ms
 ✓ tests/GraveTitanVoidPlasma.test.ts (3 tests) 13ms
 ✓ tests/PersistentBaseRewardDomain.test.ts (10 tests) 14ms
 ✓ tests/LightingSystemLifecycle.test.ts (3 tests) 18ms
 ✓ tests/PlayerMovementAcknowledgements.test.ts (4 tests) 7ms
 ✓ tests/AdrenalineEssenceWireCodec.test.ts (6 tests) 15ms
 ✓ tests/CoopDefenseB10Multiplayer.test.ts (10 tests) 14ms
 ✓ tests/CoopDefenseCarry.test.ts (6 tests) 16ms
 ✓ tests/LobbyPlayerProgress.test.ts (2 tests) 12ms
 ✓ tests/ProjectileSpawnResolver.test.ts (6 tests) 8ms
 ✓ tests/HitFeedbackModel.test.ts (9 tests) 8ms
 ✓ tests/MgTurretUpgrades.test.ts (4 tests) 14ms
 ✓ tests/EntityJoltModel.test.ts (19 tests) 12ms
 ✓ tests/LowHealthBloodModel.test.ts (12 tests) 13ms
 ✓ tests/TimeBubbleRenderer.test.ts (2 tests) 14ms
 ✓ tests/DecoyDeathSnapshot.test.ts (2 tests) 16ms
 ✓ tests/PerformanceLabController.test.ts (7 tests) 14ms
 ✓ tests/MgAttritionRuntime.test.ts (7 tests) 12ms
 ✓ tests/ClientWeaponAdrenalinePrediction.test.ts (7 tests) 16ms
 ✓ tests/WebGLContext.test.ts (7 tests) 12ms
 ✓ tests/CoopDefenseStuckEnemyBite.test.ts (7 tests) 14ms
 ✓ tests/ResourceSystemObservers.test.ts (8 tests) 14ms
 ✓ tests/BurrowExitPositionResolver.test.ts (11 tests) 11ms
 ✓ tests/CoopDefenseHostileBaseTurrets.test.ts (5 tests) 11ms
 ✓ tests/ProjectileHomingBaseTarget.test.ts (8 tests) 12ms
 ✓ tests/PlayerBurnVisualStyleCodec.test.ts (6 tests) 8ms
 ✓ tests/MiniRocketCascadeUpgrade.test.ts (2 tests) 24ms
 ✓ tests/TemporaryUtilityLifecycle.test.ts (6 tests) 12ms
 ✓ tests/NukeChoreography.test.ts (15 tests) 16ms
 ✓ tests/AdrenalineEssencePresentation.test.ts (11 tests) 11ms
 ✓ tests/CoopDefenseConstructionCapacity.test.ts (13 tests) 10ms
 ✓ tests/RadialActionModel.test.ts (5 tests) 9ms
 ✓ tests/ActivityResultApplication.test.ts (7 tests) 8ms
 ✓ tests/CoopDefenseEnemyVoidFireChunks.test.ts (3 tests) 12ms
 ✓ tests/LightOccluderIndex.test.ts (12 tests) 9ms
 ✓ tests/PersistentBaseComposite.test.ts (15 tests) 8ms
 ✓ tests/TransportDiagnostics.test.ts (17 tests) 20ms
 ✓ tests/PersistentBaseVisuals.test.ts (4 tests) 13ms
 ✓ tests/ShotPlanResolverRuntimeRegression.test.ts (6 tests) 6ms
 ✓ tests/PlayerGroundHazardSpawn.test.ts (4 tests) 14ms
 ✓ tests/WeaponSlotExclusivity.test.ts (3 tests) 11ms
 ✓ tests/PeerProtocol.test.ts (6 tests) 7ms
 ✓ tests/GpuFlightRibbonLayer.test.ts (3 tests) 15ms
 ✓ tests/ArmageddonUpgrades.test.ts (2 tests) 11ms
 ✓ tests/CoopDefensePersistentPressure.test.ts (2 tests) 6ms
 ✓ tests/CoopDefenseMandatoryDefensePriority.test.ts (7 tests) 9ms
 ✓ tests/LivingFieldTexture.test.ts (8 tests) 9ms
 ✓ tests/BackdropBlur.test.ts (1 test) 11ms
 ✓ tests/WorldCombatReactions.test.ts (4 tests) 12ms
 ✓ tests/LocalDistortionComposer.test.ts (2 tests) 8ms
 ✓ tests/GroundFireMotionField.test.ts (5 tests) 7ms
 ✓ tests/RockMottleStability.test.ts (4 tests) 9ms
 ✓ tests/ArenaRuntimeOwnership.test.ts (6 tests) 16ms
 ✓ tests/FlamethrowerUpgradeRenderer.test.ts (2 tests) 11ms
 ✓ tests/LoadoutIconLayout.test.ts (9 tests) 10ms
 ✓ tests/CoopDefenseSecondaryObjectiveEdgeMarkers.test.ts (7 tests) 10ms
 ✓ tests/PlayerWorldRuntimeContracts.test.ts (9 tests) 9ms
 ✓ tests/InspectorSupportWeapons.test.ts (5 tests) 14ms
 ✓ tests/RockOverlayRegions.test.ts (11 tests) 10ms
 ✓ tests/AdrenalineEssenceReplication.test.ts (5 tests) 7ms
 ✓ tests/ExplosionAudio.test.ts (5 tests) 12ms
 ✓ tests/PersistentGpuWorldSystem.test.ts (5 tests) 28ms
 ✓ tests/RockRebindPresentation.test.ts (5 tests) 15ms
 ✓ tests/PowerUpPedestalGpuSystem.test.ts (2 tests) 9ms
 ✓ tests/RadialActionHud.test.ts (2 tests) 9ms
 ✓ tests/PersistentBaseLocalPersistence.test.ts (1 test) 20ms
 ✓ tests/WorldLifecycleContracts.test.ts (7 tests) 10ms
 ✓ tests/BaseVoidFireSystem.test.ts (6 tests) 9ms
 ✓ tests/RockSurfaceShading.test.ts (10 tests) 14ms
 ✓ tests/RechargeableCharges.test.ts (9 tests) 9ms
 ✓ tests/CoopDefenseMissionProgressSystem.test.ts (4 tests) 9ms
 ✓ tests/AwpDestructionCorridor.test.ts (4 tests) 8ms
 ✓ tests/StinkPlagueRenderer.test.ts (2 tests) 11ms
 ✓ tests/PresentationInputPolicyContracts.test.ts (11 tests) 7ms
 ✓ tests/GpuVfxMember.test.ts (13 tests) 12ms
 ✓ tests/DistortionFramePlanner.test.ts (12 tests) 17ms
 ✓ tests/fakeGpuVfxScene.test.ts (5 tests) 6ms
 ✓ tests/CameraFeedbackModel.test.ts (19 tests) 14ms
 ✓ tests/CombatSystemChainLightningParity.test.ts (1 test) 12ms
 ✓ tests/EnemyAiTargetCatalog.test.ts (4 tests) 8ms
 ✓ tests/ArmageddonSystem.test.ts (3 tests) 11ms
 ✓ tests/CoopDefenseBossSystem.test.ts (1 test) 6ms
 ✓ tests/ProjectileClientReplica.test.ts (4 tests) 9ms
 ✓ tests/AfterRoundFlow.test.ts (10 tests) 16ms
 ✓ tests/WorldSafeGroundPoint.test.ts (2 tests) 9ms
 ✓ tests/ReinforcementMatrixProjectile.test.ts (2 tests) 10ms
 ✓ tests/WeaponFireExecutor.test.ts (2 tests) 10ms
 ✓ tests/HostHeldActionSystem.test.ts (15 tests) 9ms
 ✓ tests/RadialFocusMaskTexture.test.ts (2 tests) 8ms
 ✓ tests/EnvironmentDamageResolver.test.ts (5 tests) 7ms
 ✓ tests/RoundParticipationPolicy.test.ts (4 tests) 19ms
 ✓ tests/RocketSupportPresentation.test.ts (1 test) 7ms
 ✓ tests/RoomStatistics.test.ts (4 tests) 9ms
 ✓ tests/ShieldBuffLoadoutBoundary.test.ts (1 test) 6ms
 ✓ tests/PersistentBaseWorldMaterializer.test.ts (2 tests) 8ms
 ✓ tests/ArenaMetrics.test.ts (9 tests) 9ms
 ✓ tests/TargetStatusSystem.test.ts (4 tests) 7ms
 ✓ tests/UtilityChargePrediction.test.ts (4 tests) 8ms
 ✓ tests/CoopDefenseRoundStateSystem.test.ts (16 tests) 9ms
 ✓ tests/BurnStateMachine.test.ts (9 tests) 13ms
 ✓ tests/GpuLayerCameraTransform.test.ts (3 tests) 9ms
 ✓ tests/CoopDefenseCarryPresentation.test.ts (2 tests) 6ms
 ✓ tests/RoomQualityMonitor.test.ts (7 tests) 8ms
 ✓ tests/ResourceSystemExplicitTime.test.ts (10 tests) 6ms
 ✓ tests/TrainLightOccluderSource.test.ts (4 tests) 6ms
 ✓ tests/CoopDefenseRespawnBudgetSystem.test.ts (7 tests) 8ms
 ✓ tests/WorldRoundLoadingContracts.test.ts (3 tests) 7ms
 ✓ tests/GpuVfxQuality.test.ts (8 tests) 19ms
 ✓ tests/CoopDefenseStructureScaling.test.ts (5 tests) 7ms
 ✓ tests/BaseDestructionRenderer.test.ts (2 tests) 7ms
 ✓ tests/ArenaClipMask.test.ts (3 tests) 11ms
 ✓ tests/ZeusRenderer.test.ts (2 tests) 8ms
 ✓ tests/EnemySlowMerge.test.ts (6 tests) 7ms
 ✓ tests/CoopMissionActivityConfig.test.ts (2 tests) 6ms
 ✓ tests/PortalTraversal.test.ts (5 tests) 9ms
 ✓ tests/ReinforcementMatrixSystem.test.ts (4 tests) 7ms
 ✓ tests/LightShadowGeometry.test.ts (14 tests) 9ms
 ✓ tests/RoomStatisticsViewport.test.ts (2 tests) 12ms
 ✓ tests/BootLoaderProgress.test.ts (3 tests) 13ms
 ✓ tests/GroundFireClusters.test.ts (5 tests) 11ms
 ✓ tests/WorldParticipationContracts.test.ts (9 tests) 8ms
 ✓ tests/GeneralRageUpgrades.test.ts (2 tests) 9ms
 ✓ tests/CoopDefenseCombatPositioning.test.ts (5 tests) 7ms
 ✓ tests/TeslaDomeAudio.test.ts (1 test) 7ms
 ✓ tests/DetonationSystem.test.ts (1 test) 7ms
 ✓ tests/PointerInputHandoff.test.ts (3 tests) 8ms
 ✓ tests/HostileBaseIndicator.test.ts (7 tests) 7ms
 ✓ tests/CoopDefenseB9TeamBuff.test.ts (6 tests) 8ms
 ✓ tests/CoopDefenseEnemyBurrowSystem.test.ts (11 tests) 9ms
 ✓ tests/PlayerLifetimeSeparation.test.ts (5 tests) 9ms
 ✓ tests/RockRegistry.test.ts (2 tests) 6ms
 ✓ tests/CameraBaseScroll.test.ts (4 tests) 5ms
 ✓ tests/TextResolution.test.ts (1 test) 7ms
 ✓ tests/HudOcclusionFade.test.ts (7 tests) 6ms
 ✓ tests/CoopDefenseEnemyDodgeSystem.test.ts (2 tests) 9ms
 ✓ tests/CoopDefenseBaseDamageContract.test.ts (2 tests) 5ms
 ✓ tests/SmokeSystem.test.ts (1 test) 7ms
 ✓ tests/BootScreen.test.ts (8 tests) 8ms
 ✓ tests/PlayerCapabilityContracts.test.ts (7 tests) 11ms
 ✓ tests/ArenaTimeOfDayController.test.ts (7 tests) 6ms
 ✓ tests/ClarityCameraAssignment.test.ts (8 tests) 5ms
 ✓ tests/RadialMenuGeometry.test.ts (3 tests) 5ms
 ✓ tests/CoopDefenseMapUnlocks.test.ts (6 tests) 7ms
 ✓ tests/FullGameStateBootstrap.test.ts (2 tests) 6ms
 ✓ tests/CoopDefenseMainObjectiveModel.test.ts (5 tests) 19ms
 ✓ tests/CountdownGroundFirePreview.test.ts (2 tests) 6ms
 ✓ tests/FireObstacleIndex.test.ts (4 tests) 6ms
 ✓ tests/ConfiguredNukeVariant.test.ts (1 test) 6ms
 ✓ tests/BloomSampling.test.ts (4 tests) 9ms
 ✓ tests/CoopDefenseObjectiveRepair.test.ts (5 tests) 6ms
 ✓ tests/ChainLightningResolverCharacterization.test.ts (2 tests) 6ms
 ✓ tests/ExplosionVisualProfiles.test.ts (3 tests) 5ms
 ✓ tests/SpectatorCameraModel.test.ts (3 tests) 4ms
 ✓ tests/MolotovFirewalkerRenderer.test.ts (1 test) 6ms
 ✓ tests/ParticleFlowScheduler.test.ts (6 tests) 5ms
 ✓ tests/WorldRenderWork.test.ts (3 tests) 5ms
 ✓ tests/TutorialHudOcclusion.test.ts (5 tests) 5ms
 ✓ tests/ExplosionShockwaveSequence.test.ts (3 tests) 5ms
 ✓ tests/GameplayAudioFeedback.test.ts (3 tests) 6ms
 ✓ tests/ArenaBackground.test.ts (4 tests) 4ms
 ✓ tests/CoopDefenseEnemyLifecycle.test.ts (2 tests) 6ms
 ✓ tests/RadialFocusState.test.ts (3 tests) 5ms
 ✓ tests/ParticleEmitterPoolReset.test.ts (1 test) 4ms
 ✓ tests/BottomStackLayout.test.ts (2 tests) 4ms
 ✓ tests/HitFeedbackAudio.test.ts (2 tests) 4ms
 ✓ tests/PlayerName.test.ts (1 test) 4ms
 ✓ tests/LightingConfig.test.ts (4 tests) 4ms
 ✓ tests/CoopDefenseTrainAwarenessSideways.test.ts (4 tests) 4ms
 ✓ tests/BroodBombHatchAudio.test.ts (2 tests) 3ms
 ✓ tests/RockRendererSettings.test.ts (1 test) 3ms
 ✓ tests/AimSpreadModelActiveSlot.test.ts (2 tests) 3ms
 ✓ tests/CoopDefenseLoadoutSelection.test.ts (2 tests) 2ms
 ✓ tests/LoadoutRulesSemanticEquality.test.ts (3 tests) 2ms

⎯⎯⎯⎯⎯⎯ Failed Tests 16 ⎯⎯⎯⎯⎯⎯⎯

 FAIL  tests/LocalPlayerPrediction.test.ts > local WASD prediction > converges with 0 ms one-way latency, jitter, loss and reordered states
 FAIL  tests/LocalPlayerPrediction.test.ts > local WASD prediction > converges with 30 ms one-way latency, jitter, loss and reordered states
 FAIL  tests/LocalPlayerPrediction.test.ts > local WASD prediction > converges with 100 ms one-way latency, jitter, loss and reordered states
 FAIL  tests/LocalPlayerPrediction.test.ts > local WASD prediction > converges with 160 ms one-way latency, jitter, loss and reordered states
AssertionError: expected 0 to be greater than 0
 ❯ tests/LocalPlayerPrediction.test.ts:68:40
     66|       if (tick === 144) f.move(0, 0);
     67|       f.frame(1000 / 60);
     68|       if (tick === 0) expect(f.body.x).toBeGreaterThan(0); // First lo…
       |                                        ^
     69|       if (tick >= 144) expect(f.prediction.isMoving).toBe(false);
     70|       if (f.input.movementSequence !== lastSentSequence || tick % 12 =…

⎯⎯⎯⎯⎯⎯⎯⎯⎯⎯⎯⎯⎯⎯⎯⎯⎯⎯⎯⎯⎯⎯⎯[1/16]⎯

 FAIL  tests/LocalPlayerPrediction.test.ts > local WASD prediction > starts, stops and turns immediately without waiting for a snapshot
AssertionError: expected +0 to be close to 2, received difference is 2, but expected 0.005
 ❯ tests/LocalPlayerPrediction.test.ts:87:35
     85|   it('starts, stops and turns immediately without waiting for a snapsh…
     86|     const f = fixture();
     87|     f.frame(20); expect(f.body.x).toBeCloseTo(2); expect(f.prediction.…
       |                                   ^
     88|     f.move(0, 0); f.frame(20); expect(f.body.x).toBeCloseTo(2); expect…
     89|     f.move(0, -1); f.frame(20); expect(f.body.y).toBeCloseTo(-2);

⎯⎯⎯⎯⎯⎯⎯⎯⎯⎯⎯⎯⎯⎯⎯⎯⎯⎯⎯⎯⎯⎯⎯[2/16]⎯

 FAIL  tests/LocalPlayerPrediction.test.ts > local WASD prediction > normalizes diagonals at 30 render FPS
 FAIL  tests/LocalPlayerPrediction.test.ts > local WASD prediction > normalizes diagonals at 60 render FPS
 FAIL  tests/LocalPlayerPrediction.test.ts > local WASD prediction > normalizes diagonals at 120 render FPS
AssertionError: expected +0 to be close to 20, received difference is 20, but expected 0.005
 ❯ tests/LocalPlayerPrediction.test.ts:96:44
     94|     for (let i = 0; i < Math.floor(fps / 5); i++) f.frame(1000 / fps);
     95|     expect(f.body.x).toBeCloseTo(f.body.y);
     96|     expect(Math.hypot(f.body.x, f.body.y)).toBeCloseTo(Math.floor(fps …
       |                                            ^
     97|   });
     98| 

⎯⎯⎯⎯⎯⎯⎯⎯⎯⎯⎯⎯⎯⎯⎯⎯⎯⎯⎯⎯⎯⎯⎯[3/16]⎯

 FAIL  tests/LocalPlayerPrediction.test.ts > local WASD prediction > normalizes diagonals at 144 render FPS
AssertionError: expected +0 to be close to 19.444444444444443, received difference is 19.444444444444443, but expected 0.005
 ❯ tests/LocalPlayerPrediction.test.ts:96:44
     94|     for (let i = 0; i < Math.floor(fps / 5); i++) f.frame(1000 / fps);
     95|     expect(f.body.x).toBeCloseTo(f.body.y);
     96|     expect(Math.hypot(f.body.x, f.body.y)).toBeCloseTo(Math.floor(fps …
       |                                            ^
     97|   });
     98| 

⎯⎯⎯⎯⎯⎯⎯⎯⎯⎯⎯⎯⎯⎯⎯⎯⎯⎯⎯⎯⎯⎯⎯[4/16]⎯

 FAIL  tests/LocalPlayerPrediction.test.ts > local WASD prediction > replays only the unconsumed part of a held sequence, without double-counting repeated ACKs
AssertionError: expected 1 to be close to 4, received difference is 3, but expected 0.005
 ❯ tests/LocalPlayerPrediction.test.ts:104:22
    102|     const immutable = { ...f.snapshot };
    103|     f.acknowledge(1, 0, { sequence: seq, appliedMs: 10 }); f.frame();
    104|     expect(f.body.x).toBeCloseTo(4);
       |                      ^
    105|     f.frame(); expect(f.body.x).toBeCloseTo(4);
    106|     f.acknowledge(2.5, 0, { appliedMs: 25 }); f.frame();

⎯⎯⎯⎯⎯⎯⎯⎯⎯⎯⎯⎯⎯⎯⎯⎯⎯⎯⎯⎯⎯⎯⎯[5/16]⎯

 FAIL  tests/LocalPlayerPrediction.test.ts > local WASD prediction > discards skipped input states and keeps a correction out of the logical body
AssertionError: expected 1 to be close to 2, received difference is 1, but expected 0.005
 ❯ tests/LocalPlayerPrediction.test.ts:116:48
    114|     const f = fixture(); f.frame(20); f.move(0, 1); f.frame(20);
    115|     f.acknowledge(0, 1, { sequence: f.input.movementSequence, appliedM…
    116|     expect(f.body.x).toBe(0); expect(f.body.y).toBeCloseTo(2);
       |                                                ^
    117|     expect(f.rendered.x).toBeCloseTo(2);
    118|     f.move(0, 0); f.frame(20);

⎯⎯⎯⎯⎯⎯⎯⎯⎯⎯⎯⎯⎯⎯⎯⎯⎯⎯⎯⎯⎯⎯⎯[6/16]⎯

 FAIL  tests/LocalPlayerPrediction.test.ts > local WASD prediction > snaps corrections that would cross an obstacle
AssertionError: expected 2 to be +0 // Object.is equality

- Expected
+ Received

- 0
+ 2

 ❯ tests/LocalPlayerPrediction.test.ts:127:52
    125|     vi.mocked(f.body.canCorrectTo).mockReturnValue(false);
    126|     f.acknowledge(0, 0, { sequence: f.input.movementSequence, appliedM…
    127|     expect(f.body.x).toBe(0); expect(f.rendered.x).toBe(0); expect(f.r…
       |                                                    ^
    128|   });
    129| 

⎯⎯⎯⎯⎯⎯⎯⎯⎯⎯⎯⎯⎯⎯⎯⎯⎯⎯⎯⎯⎯⎯⎯[7/16]⎯

 FAIL  tests/LocalPlayerPrediction.test.ts > local WASD prediction > snaps large errors and never carries history into another entity, participation or World
AssertionError: expected 1002 to be 1000 // Object.is equality

- Expected
+ Received

- 1000
+ 1002

 ❯ tests/LocalPlayerPrediction.test.ts:133:26
    131|     const f = fixture(); f.frame(20);
    132|     f.acknowledge(1000, 0, { sequence: f.input.movementSequence, appli…
    133|     expect(f.rendered.x).toBe(1000); expect(f.rendered.discontinuity).…
       |                          ^
    134|     f.frame(20);
    135|     f.prediction.update(f.snapshot, 10, 0, 40, false);

⎯⎯⎯⎯⎯⎯⎯⎯⎯⎯⎯⎯⎯⎯⎯⎯⎯⎯⎯⎯⎯⎯⎯[8/16]⎯

 FAIL  tests/LocalPlayerPrediction.test.ts > local WASD prediction > holds during snapshot loss and reinitializes from a fresh baseline
AssertionError: expected 10 to be close to 11, received difference is 1, but expected 0.005
 ❯ tests/LocalPlayerPrediction.test.ts:154:35
    152|     f.acknowledge(10, 20, { sequence: f.input.movementSequence, applie…
    153|     expect([f.body.x, f.body.y]).toEqual([10, 20]);
    154|     f.frame(10); expect(f.body.x).toBeCloseTo(11);
       |                                   ^
    155|   });
    156| 

⎯⎯⎯⎯⎯⎯⎯⎯⎯⎯⎯⎯⎯⎯⎯⎯⎯⎯⎯⎯⎯⎯⎯[9/16]⎯

 FAIL  tests/LocalPlayerPrediction.test.ts > local WASD prediction > glides across a host interruption but snaps a teleport
AssertionError: expected 12.88479686771438 to be less than 12
 ❯ tests/LocalPlayerPrediction.test.ts:184:39
    182|     f.acknowledge(4, 0, { revision: 1, sequence: f.input.movementSeque…
    183|     expect(f.body.x).toBe(4); expect(f.rendered.x).toBeCloseTo(visual);
    184|     f.frame(20); expect(f.rendered.x).toBeLessThan(visual + 2); expect…
       |                                       ^
    185|     f.replaceSnapshot({ x: 40, positionRevision: 1 }); f.frame();
    186|     expect(f.rendered.x).toBe(40); expect(f.rendered.discontinuity).to…

⎯⎯⎯⎯⎯⎯⎯⎯⎯⎯⎯⎯⎯⎯⎯⎯⎯⎯⎯⎯⎯⎯[10/16]⎯

 FAIL  tests/LocalPlayerPrediction.test.ts > local WASD prediction > uses new host speed for future input and clamps a stalled render frame
AssertionError: expected +0 to be close to 1, received difference is 1, but expected 0.005
 ❯ tests/LocalPlayerPrediction.test.ts:196:22
    194|     f.acknowledge(0, 0, { speed: 50, sequence: f.input.movementSequenc…
    195|       appliedMs: LOCAL_MOVEMENT_PREDICTION.maxFrameMs }); f.frame(20);
    196|     expect(f.body.x).toBeCloseTo(1);
       |                      ^
    197|   });
    198| });

⎯⎯⎯⎯⎯⎯⎯⎯⎯⎯⎯⎯⎯⎯⎯⎯⎯⎯⎯⎯⎯⎯[11/16]⎯


 Test Files  1 failed | 443 passed (444)
      Tests  16 failed | 4194 passed (4210)
   Start at  23:39:16
   Duration  24.62s (transform 40.29s, setup 0ms, collect 137.85s, tests 71.73s, environment 126ms, prepare 65.31s)

