
> fragdachse@0.1.0 test:architecture
> vitest run --pool=threads --exclude build/** --exclude art/** tests/architecture


 RUN  v3.2.7 C:/Fragdachse

 ✓ tests/architecture/FlowFieldWorkerImportHygiene.test.ts (6 tests) 9ms
 ✓ tests/architecture/PlayerGameplayReadViewBoundary.test.ts (1 test) 153ms
 ✓ tests/architecture/WorldGameplayCompositionContracts.test.ts (7 tests) 239ms
 ✓ tests/architecture/CameraShakeOwnership.test.ts (3 tests) 534ms
 ❯ tests/architecture/ArenaVisualAttribution.test.ts (11 tests | 1 failed) 1335ms
   ✓ ArenaVisualAttributionCollector > keeps existing but inactive emitters and separates known spawns into interval data 3ms
   ✓ ArenaVisualAttributionCollector > enforces single-family ownership while allowing idempotent registration 1ms
   ✓ ArenaVisualAttributionCollector > keeps persistent graphics objects visible without current redraw work 0ms
   ✓ ArenaVisualAttributionCollector > keeps the new-family limit separate from the authoritative GPU manifest 0ms
   ✓ ArenaVisualAttributionCollector > keeps the trace blind spots on concrete object registrations 211ms
   ✓ ArenaVisualAttributionCollector > reports graphics creation and destruction churn in interval and recording data 1ms
   ✓ ArenaVisualAttributionCollector > suppresses and restores only the registered vector family 0ms
   × ArenaVisualAttributionCollector > requires every catalog family to have a concrete runtime attribution hook 223ms
     → classic hook plasmaBurnerCharge in PlasmaBurnerChargeRenderer: expected false to be true // Object.is equality
   ✓ ArenaRuntimeProfiler attribution freeze > keeps recording series and summaries stable after stop while live HUD continues 5ms
   ✓ Graphics arc guardrail > keeps new sources free of per-frame Graphics arcs  482ms
   ✓ Graphics arc guardrail > keeps the legacy list a ratchet without stale entries  406ms
 ✓ tests/architecture/ProjectileRuntimeContracts.test.ts (26 tests) 1870ms
   ✓ Projectile Runtime – ownership and dependency ratchets > restricts mutable state and registry access to the authoritative owners  1163ms
   ✓ Projectile Runtime – ownership and dependency ratchets > keeps style dispatch out of collision, flight, combat and guidance  359ms

⎯⎯⎯⎯⎯⎯⎯ Failed Tests 1 ⎯⎯⎯⎯⎯⎯⎯

 FAIL  tests/architecture/ArenaVisualAttribution.test.ts > ArenaVisualAttributionCollector > requires every catalog family to have a concrete runtime attribution hook
AssertionError: classic hook plasmaBurnerCharge in PlasmaBurnerChargeRenderer: expected false to be true // Object.is equality

- Expected
+ Received

- true
+ false

 ❯ tests/architecture/ArenaVisualAttribution.test.ts:382:11
    380|           source && hasHookForFamily(source.text, family, particleHook…
    381|           `classic hook ${family} in ${sourceName}`,
    382|         ).toBe(true);
       |           ^
    383|       }
    384|     }

⎯⎯⎯⎯⎯⎯⎯⎯⎯⎯⎯⎯⎯⎯⎯⎯⎯⎯⎯⎯⎯⎯⎯⎯[1/1]⎯


 Test Files  1 failed | 5 passed (6)
      Tests  1 failed | 53 passed (54)
   Start at  00:22:56
   Duration  4.32s (transform 488ms, setup 0ms, collect 2.54s, tests 4.14s, environment 1ms, prepare 737ms)

